// Jest Snapshot v1, https://goo.gl/fbAQLP

exports[`<Toggle /> should contain default text 1`] = `
ShallowWrapper {
  "length": 1,
  Symbol(enzyme.__root__): [Circular],
  Symbol(enzyme.__unrendered__): <IntlProvider
    locale="en"
>
    <Toggle
        messages={
            Object {
                "en": Object {
                  "defaultMessage": "someContent",
                  "id": "boilerplate.containers.LocaleToggle.en",
                },
                "nl": Object {
                  "defaultMessage": "someOtherContent",
                  "id": "boilerplate.containers.LocaleToggle.en",
                },
              }
        }
        values={
            Array [
                "en",
                "nl",
              ]
        }
    />
</IntlProvider>,
  Symbol(enzyme.__renderer__): Object {
    "batchedUpdates": [Function],
    "getNode": [Function],
    "render": [Function],
    "simulateEvent": [Function],
    "unmount": [Function],
  },
  Symbol(enzyme.__node__): Object {
    "instance": null,
    "key": undefined,
    "nodeType": "function",
    "props": Object {
      "messages": Object {
        "en": Object {
          "defaultMessage": "someContent",
          "id": "boilerplate.containers.LocaleToggle.en",
        },
        "nl": Object {
          "defaultMessage": "someOtherContent",
          "id": "boilerplate.containers.LocaleToggle.en",
        },
      },
      "values": Array [
        "en",
        "nl",
      ],
    },
    "ref": null,
    "rendered": null,
    "type": [Function],
  },
  Symbol(enzyme.__nodes__): Array [
    Object {
      "instance": null,
      "key": undefined,
      "nodeType": "function",
      "props": Object {
        "messages": Object {
          "en": Object {
            "defaultMessage": "someContent",
            "id": "boilerplate.containers.LocaleToggle.en",
          },
          "nl": Object {
            "defaultMessage": "someOtherContent",
            "id": "boilerplate.containers.LocaleToggle.en",
          },
        },
        "values": Array [
          "en",
          "nl",
        ],
      },
      "ref": null,
      "rendered": null,
      "type": [Function],
    },
  ],
  Symbol(enzyme.__options__): Object {
    "adapter": ReactSixteenAdapter {
      "options": Object {
        "enableComponentDidUpdateOnSetState": true,
      },
    },
  },
}
`;
