// Jest Snapshot v1, https://goo.gl/fbAQLP

exports[`<ToggleOption /> should render and match the snapshot 1`] = `
ShallowWrapper {
  "length": 1,
  Symbol(enzyme.__root__): [Circular],
  Symbol(enzyme.__unrendered__): <IntlProvider
    locale="en"
>
    <ToggleOption
        iconImg="./image.png"
        message={
            Object {
                "defaultMessage": "someContent",
                "id": "boilerplate.containers.LocaleToggle.en",
              }
        }
        onChange={[Function]}
        value="en"
    />
</IntlProvider>,
  Symbol(enzyme.__renderer__): Object {
    "batchedUpdates": [Function],
    "getNode": [Function],
    "render": [Function],
    "simulateEvent": [Function],
    "unmount": [Function],
  },
  Symbol(enzyme.__node__): Object {
    "instance": null,
    "key": undefined,
    "nodeType": "function",
    "props": Object {
      "iconImg": "./image.png",
      "message": Object {
        "defaultMessage": "someContent",
        "id": "boilerplate.containers.LocaleToggle.en",
      },
      "onChange": [Function],
      "value": "en",
    },
    "ref": null,
    "rendered": null,
    "type": [Function],
  },
  Symbol(enzyme.__nodes__): Array [
    Object {
      "instance": null,
      "key": undefined,
      "nodeType": "function",
      "props": Object {
        "iconImg": "./image.png",
        "message": Object {
          "defaultMessage": "someContent",
          "id": "boilerplate.containers.LocaleToggle.en",
        },
        "onChange": [Function],
        "value": "en",
      },
      "ref": null,
      "rendered": null,
      "type": [Function],
    },
  ],
  Symbol(enzyme.__options__): Object {
    "adapter": ReactSixteenAdapter {
      "options": Object {
        "enableComponentDidUpdateOnSetState": true,
      },
    },
  },
}
`;
