// Jest Snapshot v1, https://goo.gl/fbAQLP

exports[`<Label /> should render and match the snapshot 1`] = `
.c0 {
  position: relative;
  display: inline-block;
  width: 100%;
  font-size: 16px;
  height: 12px;
}

<label
  className="c0"
/>
`;
