// Jest Snapshot v1, https://goo.gl/fbAQLP

exports[`<InfoList /> should render and match the snapshot 1`] = `
.c0 {
  list-style: none;
  padding: 0;
}

<ul
  className="c0"
/>
`;
