// Jest Snapshot v1, https://goo.gl/fbAQLP

exports[`<H3 /> Should render and match the snapshot 1`] = `
.c0 {
  margin: 0;
  color: inherit;
  font-size: 1.44rem;
  line-height: 1.2;
  -webkit-hyphens: auto;
  -moz-hyphens: auto;
  -ms-hyphens: auto;
  hyphens: auto;
  overflow-wrap: break-word;
  word-wrap: break-word;
  -ms-word-break: break-all;
  word-break: break-word;
  font-family: -apple-system,BlinkMacSystemFont,"Segoe UI",Roboto,Oxygen,Ubuntu,Cantarell,"Fira Sans","Droid Sans","Helvetica Neue",sans-serif;
  font-style: normal !important;
  font-weight: 700 !important;
}

<h3
  className="c0"
/>
`;
