// Jest Snapshot v1, https://goo.gl/fbAQLP

exports[`<Description /> should render and match the snapshot 1`] = `
@media (min-width:600px) {
  .c0 {
    margin-left: 0.5rem;
  }
}

@media all and (orientation:landscape) and (min-width:37.5em) {
  .c0 {
    display: none;
  }
}

@media all and (orientation:landscape) and (min-height:725px) {
  .c0 {
    display: inline;
  }
}

<span
  className="c0"
/>
`;
