// Jest Snapshot v1, https://goo.gl/fbAQLP

exports[`<SiteNavigationIcon /> should render and match the snapshot 1`] = `
ShallowWrapper {
  "complexSelector": ComplexSelector {
    "buildPredicate": [Function],
    "childrenOfNode": [Function],
    "findWhereUnwrapped": [Function],
  },
  "length": 1,
  "node": <FontAwesome
    className="SiteNavigationIcon__SiteNavigationIcon-cszPoD hfGaUp"
    fixedWidth={undefined}
    name="meh-o"
/>,
  "nodes": Array [
    <FontAwesome
      className="SiteNavigationIcon__SiteNavigationIcon-cszPoD hfGaUp"
      fixedWidth={undefined}
      name="meh-o"
/>,
  ],
  "options": Object {},
  "renderer": ReactShallowRenderer {
    "_instance": ShallowComponentWrapper {
      "_calledComponentWillUnmount": false,
      "_compositeType": 0,
      "_context": Object {},
      "_currentElement": <SiteNavigationIcon__SiteNavigationIcon />,
      "_debugID": 1,
      "_hostContainerInfo": null,
      "_hostParent": null,
      "_instance": StyledComponent {
        "_reactInternalInstance": [Circular],
        "attrs": Object {
          "fixedWidth": undefined,
          "name": "meh-o",
        },
        "context": Object {
          "__styled-components-stylesheet__": undefined,
          "__styled-components__": undefined,
        },
        "props": Object {},
        "refs": Object {},
        "state": Object {
          "generatedClassName": "hfGaUp",
          "theme": Object {},
        },
        "updater": Object {
          "enqueueCallback": [Function],
          "enqueueCallbackInternal": [Function],
          "enqueueElementInternal": [Function],
          "enqueueForceUpdate": [Function],
          "enqueueReplaceState": [Function],
          "enqueueSetState": [Function],
          "isMounted": [Function],
          "validateCallback": [Function],
        },
      },
      "_mountOrder": 1,
      "_pendingCallbacks": null,
      "_pendingElement": null,
      "_pendingForceUpdate": false,
      "_pendingReplaceState": false,
      "_pendingStateQueue": null,
      "_renderedComponent": NoopInternalComponent {
        "_currentElement": <FontAwesome
          className="SiteNavigationIcon__SiteNavigationIcon-cszPoD hfGaUp"
          fixedWidth={undefined}
          name="meh-o"
/>,
        "_debugID": 2,
        "_renderedOutput": <FontAwesome
          className="SiteNavigationIcon__SiteNavigationIcon-cszPoD hfGaUp"
          fixedWidth={undefined}
          name="meh-o"
/>,
      },
      "_renderedNodeType": 1,
      "_rootNodeID": 0,
      "_topLevelWrapper": null,
      "_updateBatchNumber": null,
      "_warnedAboutRefsInRender": false,
    },
    "getRenderOutput": [Function],
    "render": [Function],
  },
  "root": [Circular],
  "unrendered": <SiteNavigationIcon__SiteNavigationIcon />,
}
`;
