// Jest Snapshot v1, https://goo.gl/fbAQLP

exports[`SiteHeader should render 1`] = `
ShallowWrapper {
  "complexSelector": ComplexSelector {
    "buildPredicate": [Function],
    "childrenOfNode": [Function],
    "findWhereUnwrapped": [Function],
  },
  "length": 1,
  "node": <Header__Header
    role="banner"
>
    <Wrapper__Wrapper>
        <Brand
            href="/"
            imageSource="IMAGE_MOCK"
            text="JOHAN MEESTER"
        />
        <SocialLinks />
    </Wrapper__Wrapper>
    <Connect(SiteNavigationBar) />
</Header__Header>,
  "nodes": Array [
    <Header__Header
      role="banner"
>
      <Wrapper__Wrapper>
            <Brand
                  href="/"
                  imageSource="IMAGE_MOCK"
                  text="JOHAN MEESTER"
            />
            <SocialLinks />
      </Wrapper__Wrapper>
      <Connect(SiteNavigationBar) />
</Header__Header>,
  ],
  "options": Object {},
  "renderer": ReactShallowRenderer {
    "_instance": ShallowComponentWrapper {
      "_calledComponentWillUnmount": false,
      "_compositeType": 2,
      "_context": Object {},
      "_currentElement": <SiteHeader
        setSiteNavIsFixedOffset={[Function]}
        siteNavIsAtScreenTop={false}
/>,
      "_debugID": 1,
      "_hostContainerInfo": null,
      "_hostParent": null,
      "_instance": StatelessComponent {
        "_reactInternalInstance": [Circular],
        "context": Object {},
        "props": Object {
          "setSiteNavIsFixedOffset": [Function],
          "siteNavIsAtScreenTop": false,
        },
        "refs": Object {},
        "state": null,
        "updater": Object {
          "enqueueCallback": [Function],
          "enqueueCallbackInternal": [Function],
          "enqueueElementInternal": [Function],
          "enqueueForceUpdate": [Function],
          "enqueueReplaceState": [Function],
          "enqueueSetState": [Function],
          "isMounted": [Function],
          "validateCallback": [Function],
        },
      },
      "_mountOrder": 1,
      "_pendingCallbacks": null,
      "_pendingElement": null,
      "_pendingForceUpdate": false,
      "_pendingReplaceState": false,
      "_pendingStateQueue": null,
      "_renderedComponent": NoopInternalComponent {
        "_currentElement": <Header__Header
          role="banner"
>
          <Wrapper__Wrapper>
                    <Brand
                              href="/"
                              imageSource="IMAGE_MOCK"
                              text="JOHAN MEESTER"
                    />
                    <SocialLinks />
          </Wrapper__Wrapper>
          <Connect(SiteNavigationBar) />
</Header__Header>,
        "_debugID": 2,
        "_renderedOutput": <Header__Header
          role="banner"
>
          <Wrapper__Wrapper>
                    <Brand
                              href="/"
                              imageSource="IMAGE_MOCK"
                              text="JOHAN MEESTER"
                    />
                    <SocialLinks />
          </Wrapper__Wrapper>
          <Connect(SiteNavigationBar) />
</Header__Header>,
      },
      "_renderedNodeType": 1,
      "_rootNodeID": 0,
      "_topLevelWrapper": null,
      "_updateBatchNumber": null,
      "_warnedAboutRefsInRender": false,
    },
    "getRenderOutput": [Function],
    "render": [Function],
  },
  "root": [Circular],
  "unrendered": <SiteHeader
    setSiteNavIsFixedOffset={[Function]}
    siteNavIsAtScreenTop={false}
/>,
}
`;
