// Jest Snapshot v1, https://goo.gl/fbAQLP

exports[`<Widgets> Should render and match the snapshot 1`] = `
<Aside__Aside>
  <Connect(LocaleToggle) />
  <SocialLinks />
</Aside__Aside>
`;
