// Jest Snapshot v1, https://goo.gl/fbAQLP

exports[`<LabelContent /> should render and match the snapshot 1`] = `
.c0 {
  display: inline-block;
  position: absolute;
  top: 100%;
  -webkit-transition: top 0.2s;
  transition: top 0.2s;
}

<span
  className="c0"
/>
`;
