// Jest Snapshot v1, https://goo.gl/fbAQLP

exports[`<Footer /> should render and match the snapshot 1`] = `
.c0 {
  padding: 16px 0 8px;
  text-align: center;
}

<div
  className="c0"
/>
`;
