// Jest Snapshot v1, https://goo.gl/fbAQLP

exports[`<ProjectDetailsTitle /> should render and match the snapshot 1`] = `
.c0 {
  margin-top: 0.25em;
}

<p
  className="c0"
/>
`;
