// Jest Snapshot v1, https://goo.gl/fbAQLP

exports[`<H2 /> Should render and match the snapshot 1`] = `
<h2
  className="H2__H2-dhGylN exCQBK"
/>
`;
