// Jest Snapshot v1, https://goo.gl/fbAQLP

exports[`<ProjectsList /> should render and match the snapshot 1`] = `
.c0 {
  margin: 0 auto;
  list-style: none;
  padding: 0 0 9vmin 0;
}

<ul
  className="c0"
/>
`;
