// Jest Snapshot v1, https://goo.gl/fbAQLP

exports[`Aside Should render and match the snapshot 1`] = `
<aside
  className="Aside__Aside-dWuibx AChCr"
/>
`;
