// Jest Snapshot v1, https://goo.gl/fbAQLP

exports[`<SpeechBubble /> should render and match the snapshot 1`] = `
.c0 {
  -webkit-align-items: center;
  -webkit-box-align: center;
  -ms-flex-align: center;
  align-items: center;
  display: -webkit-box;
  display: -webkit-flex;
  display: -ms-flexbox;
  display: flex;
  height: 100%;
  -webkit-filter: drop-shadow(0 0 10px grey);
  filter: drop-shadow(0 0 10px grey);
  -webkit-box-pack: center;
  -webkit-justify-content: center;
  -ms-flex-pack: center;
  justify-content: center;
  padding: 10px 10px 10px 0;
}

@media (min-width:600px) {
  .c0 {
    padding-right: 7.125rem;
  }
}

<div
  className="c0"
/>
`;
